2026-06-10T01:46:29Z INF Thank you for trying Cloudflare Tunnel. Doing so, without a Cloudflare account, is a quick way to experiment and try it out. However, be aware that these account-less Tunnels have no uptime guarantee, are subject to the Cloudflare Online Services Terms of Use (https://www.cloudflare.com/website-terms/), and Cloudflare reserves the right to investigate your use of Tunnels for violations of such terms. If you intend to use Tunnels in production you should use a pre-created named tunnel by following: https://developers.cloudflare.com/cloudflare-one/connections/connect-apps
2026-06-10T01:46:29Z INF Requesting new quick Tunnel on trycloudflare.com...
2026-06-10T01:46:35Z INF +--------------------------------------------------------------------------------------------+
2026-06-10T01:46:35Z INF |  Your quick Tunnel has been created! Visit it at (it may take some time to be reachable):  |
2026-06-10T01:46:35Z INF |  https://cents-itunes-console-mostly.trycloudflare.com                                     |
2026-06-10T01:46:35Z INF +--------------------------------------------------------------------------------------------+
2026-06-10T01:46:35Z INF Cannot determine default configuration path. No file [config.yml config.yaml] in [~/.cloudflared ~/.cloudflare-warp ~/cloudflare-warp]
2026-06-10T01:46:35Z INF Version 2026.6.0 (Checksum 03e322598e84d77406fa55b93f59e8e54636c5d8501d9dce36697fcf080ed8cc)
2026-06-10T01:46:35Z INF GOOS: windows, GOVersion: go1.26.4, GoArch: amd64
2026-06-10T01:46:35Z INF Settings: map[ha-connections:1 no-autoupdate:true protocol:quic url:http://localhost:8000]
2026-06-10T01:46:35Z INF cloudflared will not automatically update on Windows systems.
2026-06-10T01:46:37Z INF Generated Connector ID: a307c48d-99d9-46b8-994b-0bc93a818038
2026-06-10T01:46:39Z INF Initial protocol quic
2026-06-10T01:46:39Z INF ICMP proxy will use 172.20.10.2 as source for IPv4
2026-06-10T01:46:39Z INF ICMP proxy will use ::1 in zone Loopback Pseudo-Interface 1 as source for IPv6
2026-06-10T01:46:43Z INF cloudflared does not support loading the system root certificate pool on Windows. Please use --origin-ca-pool <PATH> to specify the path to the certificate pool
2026-06-10T01:46:43Z INF Tunnel connection curve preferences: [X25519MLKEM768 CurveID(65074) CurveP256] connIndex=0 event=0 ip=198.41.192.167
2026-06-10T01:46:43Z INF ICMP proxy will use 172.20.10.2 as source for IPv4
2026-06-10T01:46:43Z INF ICMP proxy will use ::1 in zone Loopback Pseudo-Interface 1 as source for IPv6
2026-06-10T01:46:43Z INF Starting metrics server on 127.0.0.1:20241/metrics
2026-06-10T01:46:44Z INF Registered tunnel connection connIndex=0 connection=00b7af56-d555-40fb-ac5d-cc9b1235c417 event=0 ip=198.41.192.167 location=lhr09 protocol=quic
2026-06-10T01:46:45Z INF +-------------------------------------------------------------------------------------+
2026-06-10T01:46:45Z INF |                               CONNECTIVITY PRE-CHECKS                               |
2026-06-10T01:46:45Z INF +-------------------------------------------------------------------------------------+
2026-06-10T01:46:45Z INF |  COMPONENT         TARGET                     STATUS  DETAILS                       |
2026-06-10T01:46:45Z INF |  DNS Resolution    region1.v2.argotunnel.com  PASS    DNS Resolved successfully     |
2026-06-10T01:46:45Z INF |  DNS Resolution    region2.v2.argotunnel.com  PASS    DNS Resolved successfully     |
2026-06-10T01:46:45Z INF |  UDP Connectivity  region1.v2.argotunnel.com  PASS    QUIC connection successful    |
2026-06-10T01:46:45Z INF |  UDP Connectivity  region2.v2.argotunnel.com  PASS    QUIC connection successful    |
2026-06-10T01:46:45Z INF |  TCP Connectivity  region1.v2.argotunnel.com  PASS    HTTP/2 connection successful  |
2026-06-10T01:46:45Z INF |  TCP Connectivity  region2.v2.argotunnel.com  PASS    HTTP/2 connection successful  |
2026-06-10T01:46:45Z INF |  Cloudflare API    api.cloudflare.com:443     PASS    API is reachable              |
2026-06-10T01:46:45Z INF |                                                                                     |
2026-06-10T01:46:45Z INF |  SUMMARY: Environment is healthy. cloudflared will use 'quic' as primary protocol.  |
2026-06-10T01:46:45Z INF +-------------------------------------------------------------------------------------+
2026-06-10T01:46:45Z INF precheck component="DNS Resolution" details="DNS Resolved successfully" run_id=2b6a8ff3-4247-408f-8db0-d65a92d3a5c0 status=pass target=region1.v2.argotunnel.com
2026-06-10T01:46:45Z INF precheck component="DNS Resolution" details="DNS Resolved successfully" run_id=2b6a8ff3-4247-408f-8db0-d65a92d3a5c0 status=pass target=region2.v2.argotunnel.com
2026-06-10T01:46:45Z INF precheck component="UDP Connectivity" details="QUIC connection successful" run_id=2b6a8ff3-4247-408f-8db0-d65a92d3a5c0 status=pass target=region1.v2.argotunnel.com
2026-06-10T01:46:45Z INF precheck component="UDP Connectivity" details="QUIC connection successful" run_id=2b6a8ff3-4247-408f-8db0-d65a92d3a5c0 status=pass target=region2.v2.argotunnel.com
2026-06-10T01:46:45Z INF precheck component="TCP Connectivity" details="HTTP/2 connection successful" run_id=2b6a8ff3-4247-408f-8db0-d65a92d3a5c0 status=pass target=region1.v2.argotunnel.com
2026-06-10T01:46:45Z INF precheck component="TCP Connectivity" details="HTTP/2 connection successful" run_id=2b6a8ff3-4247-408f-8db0-d65a92d3a5c0 status=pass target=region2.v2.argotunnel.com
2026-06-10T01:46:45Z INF precheck component="Cloudflare API" details="API is reachable" run_id=2b6a8ff3-4247-408f-8db0-d65a92d3a5c0 status=pass target=api.cloudflare.com:443
2026-06-10T01:46:45Z INF precheck complete hard_fail=false run_id=2b6a8ff3-4247-408f-8db0-d65a92d3a5c0 suggested_protocol=quic
